// Jest Snapshot v1, https://goo.gl/fbAQLP

exports[`Icon suite render a Icon 1`] = `
<i
  className="pile-icon-delete"
/>
`;
