// Jest Snapshot v1, https://goo.gl/fbAQLP

exports[`Switch suite should render a Switch 1`] = `
<div
  aria-checked={false}
  className="pile-switch--wrap"
  onClick={[Function]}
  onKeyPress={[Function]}
  role="switch"
  style={
    Object {
      "backgroundColor": "#ccc",
      "borderRadius": "30px",
      "height": "30px",
      "width": "50px",
    }
  }
  tabIndex="0"
>
  <input
    name=""
    type="checkbox"
    value={false}
  />
  <div
    style={
      Object {
        "border": "1px solid #ccc",
        "borderRadius": "28px",
        "height": "28px",
        "left": "1px",
        "marginLeft": 0,
        "width": "28px",
      }
    }
  />
</div>
`;
